Train loaded
Training separate flows for each class...
Test loaded
got flat train scores!
1.24.3
labels_flow 0 4
[0 1 2 3 4]
0 613762 0.2322886886041303
1 484899 0.18351829017673654
2 98439 0.037255917142967436
3 104286 0.0394688139372759
4 1340852 0.5074682901388898
train_labels 0 4
start df flow

MM Debug:
First 30 samples (sorted by max_score DESC):
    original_index  label  predicted_class  max_model_score  max_decoy_score  max_score  num_decoy_wins  num_target_wins  fdr_mm  q_values_mm
0          1898078      1                1         2.016320        22.602434  22.602434               1                0     NaN          NaN
1          1356204      0                0         1.552647        22.567766  22.567766               2                0     NaN          NaN
2           521149      1                0         1.137630        22.115646  22.115646               3                0     NaN          NaN
3           864204      4                4         2.212564        21.677959  21.677959               4                0     NaN          NaN
4          2334369      4                1         1.819759        21.220039  21.220039               5                0     NaN          NaN
5          1891613      1                1         3.095759        21.070105  21.070105               6                0     NaN          NaN
6          2382445      4                0         2.365624        20.952213  20.952213               7                0     NaN          NaN
7           259380      4                0         1.443192        20.734333  20.734333               8                0     NaN          NaN
8           408314      4                0         2.181595        20.544628  20.544628               9                0     NaN          NaN
9          2228635      4                0         2.257379        20.519985  20.519985              10                0     NaN          NaN
10         1320421      4                1         1.361881        20.457766  20.457766              11                0     NaN          NaN
11         1793119      1                0         2.314119        20.450222  20.450222              12                0     NaN          NaN
12         1504162      1                1         0.833671        20.442514  20.442514              13                0     NaN          NaN
13          903040      0                0         1.074029        20.360088  20.360088              14                0     NaN          NaN
14         1202774      0                0         2.869396        20.252823  20.252823              15                0     NaN          NaN
15         1926157      1                1         2.377645        20.231308  20.231308              16                0     NaN          NaN
16         2465816      4                1         3.112629        20.171457  20.171457              17                0     NaN          NaN
17         1509029      1                1         0.926962        19.972124  19.972124              18                0     NaN          NaN
18         1068086      4                3         2.227800        19.916258  19.916258              19                0     NaN          NaN
19            7604      4                3         3.046806        19.808741  19.808741              20                0     NaN          NaN
20          422374      1                3         2.389451        19.781187  19.781187              21                0     NaN          NaN
21          625738      3                3         2.531161        19.733747  19.733747              22                0     NaN          NaN
22         1895220      1                0         1.133769        19.611961  19.611961              23                0     NaN          NaN
23          362637      0                0         2.288618        19.452271  19.452271              24                0     NaN          NaN
24         1033355      4                0         3.681512        19.408279  19.408279              25                0     NaN          NaN
25          850438      4                4         2.884013        19.397036  19.397036              26                0     NaN          NaN
26         1039142      0                0         2.719967        19.323275  19.323275              27                0     NaN          NaN
27         1583569      1                1         2.303244        19.266104  19.266104              28                0     NaN          NaN
28         2578105      4                0         1.340576        19.232500  19.232500              29                0     NaN          NaN
29          800094      1                1         1.487554        19.201300  19.201300              30                0     NaN          NaN

First target win index: 4586

First 20 target wins:
      original_index  max_model_score  max_decoy_score  num_decoy_wins  num_target_wins       fdr_mm  q_values_mm
4586         1364728        11.368879         1.588912            4586                1  4587.000000     0.465479
4675         1366350        11.336246         3.495813            4674                2  2337.500000     0.465479
4859         1367972        11.266045         2.147645            4857                3  1619.333333     0.465479
4879         1364729        11.259342         4.898746            4876                4  1219.250000     0.465479
4918         1367974        11.246107         3.971538            4914                5   983.000000     0.465479
4990         1367975        11.222259         3.958049            4985                6   831.000000     0.465479
5004         1363106        11.217972         2.251612            4998                7   714.142857     0.465479
5010         1367973        11.215596         0.550640            5003                8   625.500000     0.465479
5048         1366351        11.202542         2.414838            5040                9   560.111111     0.465479
5182         1369596        11.149908         2.839288            5173               10   517.400000     0.465479
5190         1366352        11.146699         0.383779            5180               11   471.000000     0.465479
5226         1363107        11.133234         0.559644            5215               12   434.666667     0.465479
5325         1366349        11.097917         1.387957            5313               13   408.769231     0.465479
5372         1366353        11.081282         0.496058            5359               14   382.857143     0.465479
5409         1369595        11.070664         3.554966            5395               15   359.733333     0.465479
5411         1369597        11.069311         4.840302            5396               16   337.312500     0.465479
5439         1371218        11.058046         4.540030            5423               17   319.058824     0.465479
5473         1364727        11.046534         2.099327            5456               18   303.166667     0.465479
5475         1367971        11.045899         1.012061            5457               19   287.263158     0.465479
5487         1361484        11.043146         0.785909            5468               20   273.450000     0.465479

Q-values statistics:
GT q-values range: 0.0000 - 0.4976
MM q-values range: 0.4655 - 0.4655 (excluding NaN)
MM NaN count: 839252
Samples with q < 0.1:
  GT: 308
  MM: 0
finish df flow
pi0_overall 0.341942313469765
pi0_estimates [0.7917984252731729, 0.8765818668546308, 0.9635945423707574, 0.9637091903555441, 0.7462582886156598]
end
